// Jest Snapshot v1, https://goo.gl/fbAQLP

exports[`Tabs renders component 1`] = `
<div
  class="sc-bdVaJa fDZkqc"
  data-testid="tabsComponent"
>
  <div
    class="sc-bwzfXH ihWUwL"
    data-testid="activeTab"
  >
    Breakfast
  </div>
  <div
    class="sc-bwzfXH bjqPYq"
    data-testid=""
  >
    Dinner
  </div>
  <div
    class="sc-bwzfXH bjqPYq"
    data-testid=""
  >
    Drinks
  </div>
</div>
`;

exports[`Tabs renders correctly 1`] = `
ReactShallowRenderer {
  "_context": null,
  "_didScheduleRenderPhaseUpdate": false,
  "_dispatcher": Object {
    "readContext": [Function],
    "useCallback": [Function],
    "useContext": [Function],
    "useDebugValue": [Function],
    "useEffect": [Function],
    "useImperativeHandle": [Function],
    "useLayoutEffect": [Function],
    "useMemo": [Function],
    "useReducer": [Function],
    "useRef": [Function],
    "useState": [Function],
  },
  "_element": null,
  "_firstWorkInProgressHook": null,
  "_forcedUpdate": false,
  "_instance": null,
  "_isReRender": false,
  "_newState": null,
  "_numberOfReRenders": 0,
  "_renderPhaseUpdates": null,
  "_rendered": null,
  "_rendering": false,
  "_updater": Updater {
    "_callbacks": Array [],
    "_renderer": [Circular],
  },
  "_workInProgressHook": null,
}
`;
